[classification] epoch 1/35 val_macro_f1=0.7714 val_acc=0.7958
[classification] epoch 2/35 val_macro_f1=0.8151 val_acc=0.8442
[classification] epoch 3/35 val_macro_f1=0.9873 val_acc=0.9894
[classification] epoch 4/35 val_macro_f1=0.9925 val_acc=0.9939
[classification] epoch 5/35 val_macro_f1=0.9795 val_acc=0.9834
[classification] epoch 6/35 val_macro_f1=0.9963 val_acc=0.9970
[classification] epoch 7/35 val_macro_f1=0.9923 val_acc=0.9939
[classification] epoch 8/35 val_macro_f1=0.9981 val_acc=0.9985
[classification] epoch 9/35 val_macro_f1=0.9943 val_acc=0.9955
[classification] epoch 10/35 val_macro_f1=0.9868 val_acc=0.9894
[classification] epoch 11/35 val_macro_f1=0.9962 val_acc=0.9970
[classification] epoch 12/35 val_macro_f1=1.0000 val_acc=1.0000
[classification] epoch 13/35 val_macro_f1=0.9981 val_acc=0.9985
[classification] epoch 14/35 val_macro_f1=0.9971 val_acc=0.9970
[classification] epoch 15/35 val_macro_f1=0.9962 val_acc=0.9970
[classification] epoch 16/35 val_macro_f1=0.9962 val_acc=0.9970
[classification] epoch 17/35 val_macro_f1=1.0000 val_acc=1.0000
[classification] epoch 18/35 val_macro_f1=0.9966 val_acc=0.9970
[classification] epoch 19/35 val_macro_f1=0.9981 val_acc=0.9985
[classification] epoch 20/35 val_macro_f1=1.0000 val_acc=1.0000
Saved classification_baseline run to artifacts/runs/overnight_20260816_183758/classification_baseline
[classification] epoch 1/35 val_macro_f1=0.9357 val_acc=0.9425
[classification] epoch 2/35 val_macro_f1=0.9565 val_acc=0.9637
[classification] epoch 3/35 val_macro_f1=0.9523 val_acc=0.9607
[classification] epoch 4/35 val_macro_f1=0.9882 val_acc=0.9909
[classification] epoch 5/35 val_macro_f1=0.9848 val_acc=0.9879
[classification] epoch 6/35 val_macro_f1=0.9749 val_acc=0.9773
[classification] epoch 7/35 val_macro_f1=0.9981 val_acc=0.9985
[classification] epoch 8/35 val_macro_f1=1.0000 val_acc=1.0000
[classification] epoch 9/35 val_macro_f1=0.9986 val_acc=0.9985
[classification] epoch 10/35 val_macro_f1=0.9963 val_acc=0.9970
[classification] epoch 11/35 val_macro_f1=0.9962 val_acc=0.9970
[classification] epoch 12/35 val_macro_f1=0.9962 val_acc=0.9970
[classification] epoch 13/35 val_macro_f1=0.9971 val_acc=0.9970
[classification] epoch 14/35 val_macro_f1=0.9981 val_acc=0.9985
[classification] epoch 15/35 val_macro_f1=1.0000 val_acc=1.0000
[classification] epoch 16/35 val_macro_f1=1.0000 val_acc=1.0000
Saved classification run to artifacts/runs/overnight_20260816_183758/classification
[segmentation] epoch 1/100 val_dice=0.1312 val_iou=0.0715
[segmentation] epoch 2/100 val_dice=0.1699 val_iou=0.0975
[segmentation] epoch 3/100 val_dice=0.2203 val_iou=0.1301
[segmentation] epoch 4/100 val_dice=0.2616 val_iou=0.1591
[segmentation] epoch 5/100 val_dice=0.3838 val_iou=0.2506
[segmentation] epoch 6/100 val_dice=0.5046 val_iou=0.3396
[segmentation] epoch 7/100 val_dice=0.4515 val_iou=0.3024
[segmentation] epoch 8/100 val_dice=0.5676 val_iou=0.4049
[segmentation] epoch 9/100 val_dice=0.6060 val_iou=0.4374
[segmentation] epoch 10/100 val_dice=0.6025 val_iou=0.4322
[segmentation] epoch 11/100 val_dice=0.5961 val_iou=0.4305
[segmentation] epoch 12/100 val_dice=0.6171 val_iou=0.4504
[segmentation] epoch 13/100 val_dice=0.6627 val_iou=0.4974
[segmentation] epoch 14/100 val_dice=0.5855 val_iou=0.4142
[segmentation] epoch 15/100 val_dice=0.6740 val_iou=0.5109
[segmentation] epoch 16/100 val_dice=0.6627 val_iou=0.5005
[segmentation] epoch 17/100 val_dice=0.6899 val_iou=0.5280
[segmentation] epoch 18/100 val_dice=0.6903 val_iou=0.5312
[segmentation] epoch 19/100 val_dice=0.6942 val_iou=0.5344
[segmentation] epoch 20/100 val_dice=0.6596 val_iou=0.4932
[segmentation] epoch 21/100 val_dice=0.7366 val_iou=0.5845
[segmentation] epoch 22/100 val_dice=0.6753 val_iou=0.5156
[segmentation] epoch 23/100 val_dice=0.6505 val_iou=0.4832
[segmentation] epoch 24/100 val_dice=0.6635 val_iou=0.5003
[segmentation] epoch 25/100 val_dice=0.6922 val_iou=0.5322
[segmentation] epoch 26/100 val_dice=0.7375 val_iou=0.5849
[segmentation] epoch 27/100 val_dice=0.7025 val_iou=0.5420
[segmentation] epoch 28/100 val_dice=0.7046 val_iou=0.5444
[segmentation] epoch 29/100 val_dice=0.6950 val_iou=0.5328
[segmentation] epoch 30/100 val_dice=0.7174 val_iou=0.5605
[segmentation] epoch 31/100 val_dice=0.7676 val_iou=0.6242
[segmentation] epoch 32/100 val_dice=0.7436 val_iou=0.5922
[segmentation] epoch 33/100 val_dice=0.7251 val_iou=0.5690
[segmentation] epoch 34/100 val_dice=0.7501 val_iou=0.6008
[segmentation] epoch 35/100 val_dice=0.6962 val_iou=0.5348
[segmentation] epoch 36/100 val_dice=0.7146 val_iou=0.5563
[segmentation] epoch 37/100 val_dice=0.7625 val_iou=0.6170
[segmentation] epoch 38/100 val_dice=0.7217 val_iou=0.5650
[segmentation] epoch 39/100 val_dice=0.7151 val_iou=0.5569
[segmentation] epoch 40/100 val_dice=0.7230 val_iou=0.5665
[segmentation] epoch 41/100 val_dice=0.7455 val_iou=0.5947
[segmentation] epoch 42/100 val_dice=0.7292 val_iou=0.5741
[segmentation] epoch 43/100 val_dice=0.7173 val_iou=0.5596
[segmentation] epoch 44/100 val_dice=0.7243 val_iou=0.5680
[segmentation] epoch 45/100 val_dice=0.7415 val_iou=0.5897
[segmentation] epoch 46/100 val_dice=0.7112 val_iou=0.5529
Saved segmentation_baseline run to artifacts/runs/overnight_20260816_183758/segmentation_baseline
[segmentation] epoch 1/100 val_dice=0.1585 val_iou=0.0894
[segmentation] epoch 2/100 val_dice=0.1609 val_iou=0.0931
[segmentation] epoch 3/100 val_dice=0.1664 val_iou=0.0965
[segmentation] epoch 4/100 val_dice=0.2060 val_iou=0.1220
[segmentation] epoch 5/100 val_dice=0.1968 val_iou=0.1157
[segmentation] epoch 6/100 val_dice=0.2110 val_iou=0.1265
[segmentation] epoch 7/100 val_dice=0.2166 val_iou=0.1329
[segmentation] epoch 8/100 val_dice=0.2212 val_iou=0.1377
[segmentation] epoch 9/100 val_dice=0.1978 val_iou=0.1225
[segmentation] epoch 10/100 val_dice=0.2345 val_iou=0.1453
[segmentation] epoch 11/100 val_dice=0.2608 val_iou=0.1570
[segmentation] epoch 12/100 val_dice=0.3509 val_iou=0.2178
[segmentation] epoch 13/100 val_dice=0.3517 val_iou=0.2223
[segmentation] epoch 14/100 val_dice=0.3337 val_iou=0.2024
[segmentation] epoch 15/100 val_dice=0.3395 val_iou=0.2171
[segmentation] epoch 16/100 val_dice=0.3902 val_iou=0.2482
[segmentation] epoch 17/100 val_dice=0.3814 val_iou=0.2412
[segmentation] epoch 18/100 val_dice=0.3873 val_iou=0.2446
[segmentation] epoch 19/100 val_dice=0.3998 val_iou=0.2549
[segmentation] epoch 20/100 val_dice=0.3583 val_iou=0.2308
[segmentation] epoch 21/100 val_dice=0.3852 val_iou=0.2477
[segmentation] epoch 22/100 val_dice=0.3812 val_iou=0.2459
[segmentation] epoch 23/100 val_dice=0.4320 val_iou=0.2807
[segmentation] epoch 24/100 val_dice=0.4231 val_iou=0.2717
[segmentation] epoch 25/100 val_dice=0.3903 val_iou=0.2468
[segmentation] epoch 26/100 val_dice=0.3329 val_iou=0.2015
[segmentation] epoch 27/100 val_dice=0.4224 val_iou=0.2733
[segmentation] epoch 28/100 val_dice=0.3892 val_iou=0.2498
[segmentation] epoch 29/100 val_dice=0.4269 val_iou=0.2779
[segmentation] epoch 30/100 val_dice=0.4043 val_iou=0.2611
[segmentation] epoch 31/100 val_dice=0.4006 val_iou=0.2563
[segmentation] epoch 32/100 val_dice=0.4143 val_iou=0.2725
[segmentation] epoch 33/100 val_dice=0.4376 val_iou=0.2830
[segmentation] epoch 34/100 val_dice=0.4438 val_iou=0.2907
[segmentation] epoch 35/100 val_dice=0.4222 val_iou=0.2736
[segmentation] epoch 36/100 val_dice=0.4225 val_iou=0.2749
[segmentation] epoch 37/100 val_dice=0.4211 val_iou=0.2790
[segmentation] epoch 38/100 val_dice=0.4450 val_iou=0.2909
[segmentation] epoch 39/100 val_dice=0.4111 val_iou=0.2655
[segmentation] epoch 40/100 val_dice=0.4291 val_iou=0.2796
[segmentation] epoch 41/100 val_dice=0.4334 val_iou=0.2854
[segmentation] epoch 42/100 val_dice=0.4390 val_iou=0.2885
[segmentation] epoch 43/100 val_dice=0.4369 val_iou=0.2854
[segmentation] epoch 44/100 val_dice=0.4234 val_iou=0.2732
[segmentation] epoch 45/100 val_dice=0.4152 val_iou=0.2687
[segmentation] epoch 46/100 val_dice=0.4255 val_iou=0.2764
[segmentation] epoch 47/100 val_dice=0.4361 val_iou=0.2872
[segmentation] epoch 48/100 val_dice=0.4216 val_iou=0.2727
[segmentation] epoch 49/100 val_dice=0.4103 val_iou=0.2639
[segmentation] epoch 50/100 val_dice=0.4123 val_iou=0.2690
[segmentation] epoch 51/100 val_dice=0.4335 val_iou=0.2809
[segmentation] epoch 52/100 val_dice=0.4545 val_iou=0.2978
[segmentation] epoch 53/100 val_dice=0.4023 val_iou=0.2588
[segmentation] epoch 54/100 val_dice=0.3965 val_iou=0.2543
[segmentation] epoch 55/100 val_dice=0.4218 val_iou=0.2733
[segmentation] epoch 56/100 val_dice=0.4391 val_iou=0.2873
[segmentation] epoch 57/100 val_dice=0.4097 val_iou=0.2634
[segmentation] epoch 58/100 val_dice=0.4126 val_iou=0.2670
[segmentation] epoch 59/100 val_dice=0.4028 val_iou=0.2572
[segmentation] epoch 60/100 val_dice=0.3897 val_iou=0.2494
[segmentation] epoch 61/100 val_dice=0.4308 val_iou=0.2792
[segmentation] epoch 62/100 val_dice=0.4075 val_iou=0.2623
[segmentation] epoch 63/100 val_dice=0.4323 val_iou=0.2822
[segmentation] epoch 64/100 val_dice=0.4410 val_iou=0.2903
[segmentation] epoch 65/100 val_dice=0.4291 val_iou=0.2790
[segmentation] epoch 66/100 val_dice=0.3984 val_iou=0.2544
[segmentation] epoch 67/100 val_dice=0.4333 val_iou=0.2826
Saved segmentation run to artifacts/runs/overnight_20260816_183758/segmentation
